            __                       __                    …
   _____   / /_   ____ _   _____    / /__   __  __     ____…
  / ___/  / __/  / __ `/  / ___/   / //_/  / / / /    / __ …
 (__  )  / /_   / /_/ /  / /__    / ,<    / /_/ /    / /_/ …
/____/   \__/   \__,_/   \___/   /_/|_|   \__,_/    / .___/…
                                                   /_/     …

Stackup apply
2 files: 2 new, 0 overwrite
Files to write

> .vscode/aaaaaaaaaaaaaaaaaaaaaaaaaaaaaaaaaaaaaaaaaaaaaaaaa…
  .vscode/tasks.json (new)

y apply · n abort (q/Q/esc/ctrl+c) · up/down move · enter a…
