            __                       __                      
   _____   / /_   ____ _   _____    / /__   __  __     ____  
  / ___/  / __/  / __ `/  / ___/   / //_/  / / / /    / __ \ 
 (__  )  / /_   / /_/ /  / /__    / ,<    / /_/ /    / /_/ / 
/____/   \__/   \__,_/   \___/   /_/|_|   \__,_/    / .___/  
                                                   /_/       

Stackup diff
Files

> .vscode/settings.json (new)
  .vscode/tasks.json (changed)

--- a/.vscode/settings.json                                                     
+++ b/.vscode/settings.json                                                     
                                                                                
                                                                                
                                                                                
                                                                                
                                                                                
                                                                                
                                                                                
                                                                                
                                                                                
                                                                                
                                                                                

changes pending — exit 2 · q quit · up/down select file
